// Jest Snapshot v1, https://goo.gl/fbAQLP

exports[`renders BottomBar unchanged 1`] = `
<div>
  <footer
    class="Stack flex sticky bottom-0 z-30 p-5 py-3 mt-20 flex-row w-full max-w-xl mx-auto justify-between items-center bg-white/90 backdrop-blur-sm border-t border-b-0 border-solid border-gray-200 rounded-tl-2xl rounded-tr-2xl anim__fadeInUpBig sm:rounded-2xl sm:bottom-8 sm:border sm:shadow-lg sm:shadow-black/5 lg:mt-24 lg:py-4"
    style="animation-delay: 1s;"
  >
    <div
      class="Stack flex flex-col "
    >
      <small
        class="Text text-xs"
      >
        20
         item
        s
      </small>
      <div
        class="Stack flex font-bold flex-row items-end gap-1.5 transition duration-300 opacity-40"
      >
        <span
          class="Text text-2xl"
        >
          $0.0
        </span>
      </div>
    </div>
    <button
      class="MuiButtonBase-root MuiButton-root MuiButton-contained MuiButton-containedPrimary MuiButton-sizeMedium MuiButton-containedSizeMedium MuiButton-root MuiButton-contained MuiButton-containedPrimary MuiButton-sizeMedium MuiButton-containedSizeMedium bg-black py-3 px-5 rounded-xl hover:bg-black/70 lg:py-3.5 lg:px-6 css-sghohy-MuiButtonBase-root-MuiButton-root"
      tabindex="0"
      type="button"
    >
      Checkout 
      <svg
        aria-hidden="true"
        class="MuiSvgIcon-root MuiSvgIcon-fontSizeMedium ml-1 w-5 css-i4bv87-MuiSvgIcon-root"
        data-testid="CheckIcon"
        focusable="false"
        viewBox="0 0 24 24"
      >
        <path
          d="M9 16.17 4.83 12l-1.42 1.41L9 19 21 7l-1.41-1.41z"
        />
      </svg>
      <span
        class="MuiTouchRipple-root css-8je8zh-MuiTouchRipple-root"
      />
    </button>
  </footer>
</div>
`;
