// Jest Snapshot v1, https://goo.gl/fbAQLP

exports[`renders the Stack component unchanged 1`] = `
<div>
  <div
    class="Stack flex flex-col "
  />
</div>
`;
