// Jest Snapshot v1, https://goo.gl/fbAQLP

exports[`renders the View component unchanged 1`] = `
<div>
  <div />
</div>
`;
