// Jest Snapshot v1, https://goo.gl/fbAQLP

exports[`renders the AppSnackbar component unchanged 1`] = `<div />`;
